A51 MACRO ASSEMBLER  RUTIAS                                                               05/17/2014 13:22:09 PAGE     1


MACRO ASSEMBLER A51 V8.02b
OBJECT MODULE PLACED IN rutias.OBJ
ASSEMBLER INVOKED BY: C:\Program Files (x86)\keil\C51\BIN\A51.EXE rutias.asm SET(SMALL) DEBUG EP

LOC  OBJ            LINE     SOURCE

                       1     PUBLIC PASO                                             ;PARA QUE LAS PUEDA VER DESDE C
                       2     PUBLIC DELAY_SLEEP
                       3     PUBLIC AVANZAR
                       4     PUBLIC RETROCEDER
                       5     PUBLIC DELAY_PASOS
                       6     PUBLIC AVANZAR_1_PASOM
                       7     PUBLIC AVANZAR_1mm
                       8     PUBLIC PRENDER
                       9     PUBLIC APAGAR
                      10     PUBLIC ERROR
                      11     PUBLIC RETROCEDER_1mm
                      12     PUBLIC HABILITAR_DATOS
                      13     PUBLIC LCD_OCUPADO
                      14     
                      15     ;24 pasos del motor son 1,008 mm
                      16     ;si 1/32 pasos hace el DRV entonces 768 pasos DRV son 1,008mm
                      17     ; DELAY_PASOS = 1/ (768 * velocidad) donde velocidad son mm/seg
                      18     
  0090                19     STEP                    equ     P1.0    ;etiqueto al puerto con el nombre. 
  0091                20     RESET                   equ     P1.1
  0092                21     DIR                             equ     p1.2
  0093                22     SLEEP                   equ     P1.3
  0094                23     FAUL                    equ     P1.4
  0095                24     HOME                    equ     P1.5
                      25     
  0514                26     DELAY_AVANCE    equ     1300    ;escrito en us
  00D9                27     DELAY_RETROCESO equ 217         ;escrito en us
                      28     
  00FA                29     RETRASO_SUP             equ     255-((DELAY_AVANCE-10)/256)                                
                                          ;sale de hacer (65536- retardo deseado) + 6 donde 65536 es el numero maxio del
                              temporizador con 16 bit y 6 el tiempo para setear las variables
  F5F5                30     RETRASO_INF             equ 255-((DELAY_AVANCE-10)-RETRASO_SUP*256)                     ;re
                             traso sup son los primero 8 bit y el inf son los ultimos 8 
  00FF                31     RETRASO_SUP_R   equ     255-((DELAY_RETROCESO-10)/256)                  ;retraso superior e
                              inferior para el retorceso, sale de hacer la misma cuenta que antes
  FF30                32     RETRASO_INF_R   equ 255-((DELAY_RETROCESO-10)-RETRASO_SUP_R*256)                ; la veloci
                             dad es de 6mm/seg
                      33     
  00A5                34     RS_LCD                  equ P2.5
  00A4                35     RW_LCD                  equ P2.4
  00A6                36     ENEBLE_LCD              equ P2.6
  00A0                37     DATA4_LCD               equ     P2.0
  00A1                38     DATA5_LCD               equ     P2.1
  00A2                39     DATA6_LCD               equ     P2.2
  00A3                40     DATA7_LCD               equ     P2.3
                      41     
                      42     
                      43     
----                  44     cseg at 0x0100
                      45     
0100                  46     HABILITAR_DATOS:                        ; DA LA VENTANA NECESARIA AL ENEBLE PARA QUE LOS DA
                             TOS SE TRASMITAN AL DISPLAY 
0100 D2A6             47                             SETB ENEBLE_LCD
0102 C2A6             48                             CLR ENEBLE_LCD
0104 22               49                             RET
                      50     
0105                  51     LCD_OCUPADO:
0105 D2A3             52                             SETB DATA7_LCD
A51 MACRO ASSEMBLER  RUTIAS                                                               05/17/2014 13:22:09 PAGE     2

0107 C2A5             53                             CLR RS_LCD
0109 D2A4             54                             SETB RW_LCD
010B D2A6             55                             SETB ENEBLE_LCD
010D C2A6             56             CHECK:  CLR ENEBLE_LCD
010F D2A6             57                             SETB ENEBLE_LCD
0111 20A3F9           58                             JB DATA7_LCD, CHECK
0114 C2A6             59                             CLR ENEBLE_LCD
0116 C2A4             60                             CLR RW_LCD
0118 22               61                             RET
0119                  62     PRENDER:
0119 D293             63                             SETB SLEEP
011B 22               64                             RET
                      65     
011C                  66     ERROR:
011C A294             67                             MOV C,FAUL
011E 22               68                             RET
                      69                     
                      70     
011F                  71     APAGAR:
011F C293             72                             CLR SLEEP
0121 22               73                             RET
                      74     
0122                  75     DELAY_PASOS_R:                                          ;retardo para el retroceso
0122 7EFF             76                             MOV R6,#RETRASO_SUP_R
0124 7F30             77                             MOV R7,#RETRASO_INF_R
0126 3130             78                             CALL DELAY
0128 22               79                             RET
                      80     
0129                  81     DELAY_PASOS:                    ; es un delay de 1.3ms
0129 7EFA             82                             MOV R6,#RETRASO_SUP
012B 7FF5             83                             MOV R7,#RETRASO_INF
*** _________________________________________________________^
*** WARNING #A52 IN 83 (rutias.asm, LINE 83): VALUE HAS BEEN TRUNCATED TO 8 BITS
012D 3130             84                             CALL DELAY
012F 22               85                             RET
                      86     
                      87     ;                       MOV R1,#3
                      88     ;       LAZO5:  MOV R2,#215
                      89     ;       LAZO6:  DJNZ R2,LAZO6
                      90     ;                       DJNZ R1,LAZO5
                      91     ;                       RET
0130                  92     DELAY:          
0130 758901           93                             MOV TMOD, #01H
0133 8E8C             94                             MOV TH0,R6
0135 8F8A             95                             MOV TL0,R7
0137 D28C             96                             SETB TR0
0139 308DFD           97             CICLO2: JNB TF0,CICLO2
013C C28D             98                             CLR TF0
013E 22               99                             RET
                     100                     
013F                 101     DELAY_SLEEP:                    ;es un delay de 1.7ms. Es el tiempo que necesita DRV desde que se lo saca de modo sleep hasta que se le mande la señal para hacer un paso.
013F 758901          102                             MOV TMOD,#01H
0142 758CF9          103                             MOV TH0,#249
0145 758A62          104                             MOV TL0,#98
0148 D28C            105                             SETB TR0
014A 308DFD          106             CICLO:  JNB TF0,CICLO
014D C28D            107                             CLR TF0
014F 22              108                             RET
                     109     
                     110     ;                       MOV R1,#100
                     111     ;       LAZO3:  MOV R2,#7 ;
                     112     ;       LAZO4:  DJNZ R2,LAZO4
                     113     ;                       DJNZ R1,LAZO3
                     114     ;                       RET
                     115                             
0150                 116     AVANZAR:
A51 MACRO ASSEMBLER  RUTIAS                                                               05/17/2014 13:22:09 PAGE     3

0150 D292            117                             SETB DIR ;DIR=1 avanza
0152 22              118                             RET     
                     119                             
0153                 120     PASO:                                   ; manda una señal de '1' y '0' para que el DRV haga 1/32 paso
0153 D290            121                             SETB    STEP
0155 00              122                             NOP
0156 C290            123                             CLR             STEP
0158 00              124                             NOP
0159 22              125                             RET
                     126                             ;La señal debe permanecer en alto y bajo 2us por estado para que funcione el DRV
                     127                             
015A                 128     AVANZAR_1_PASOM:                                ;hace un paso completo del motor
015A 7920            129                             MOV R1,#32
015C 3153            130             FALTA:  CALL PASO               
015E 3129            131                             CALL DELAY_PASOS        ;espera entre micropaso y micropaso
0160 D9FA            132                             DJNZ R1,FALTA
0162 22              133                             RET
                     134                             
0163                 135     AVANZAR_1mm:                            ;avanza 1 mm
0163 7A18            136                             MOV R2,#24
0165 315A            137             FALTA2: CALL AVANZAR_1_PASOM
0167 DAFC            138                             DJNZ R2,FALTA2
0169 22              139                             RET
                     140                             
016A                 141     RETROCEDER_1_PASOM:                             ;hace un paso completo del motor
016A 7920            142                             MOV R1,#32
016C 3153            143             FALTA3: CALL PASO               
016E 3122            144                             CALL DELAY_PASOS_R      ;espera entre micropaso y micropaso
0170 D9FA            145                             DJNZ R1,FALTA3
0172 22              146                             RET
                     147                             
0173                 148     RETROCEDER_1mm:                         ;avanza 1 mm
0173 7A18            149                             MOV R2,#24
0175 316A            150             FALTA4: CALL RETROCEDER_1_PASOM
0177 DAFC            151                             DJNZ R2,FALTA4
0179 22              152                             RET
                     153     
017A                 154     RETROCEDER:
017A C292            155                             CLR DIR
017C 22              156                             RET
                     157     end
A51 MACRO ASSEMBLER  RUTIAS                                                               05/17/2014 13:22:09 PAGE     4

SYMBOL TABLE LISTING
------ ----- -------


N A M E             T Y P E  V A L U E   ATTRIBUTES

APAGAR . . . . . .  C ADDR   011FH   A   
AVANZAR. . . . . .  C ADDR   0150H   A   
AVANZAR_1MM. . . .  C ADDR   0163H   A   
AVANZAR_1_PASOM. .  C ADDR   015AH   A   
CHECK. . . . . . .  C ADDR   010DH   A   
CICLO. . . . . . .  C ADDR   014AH   A   
CICLO2 . . . . . .  C ADDR   0139H   A   
DATA4_LCD. . . . .  B ADDR   00A0H.0 A   
DATA5_LCD. . . . .  B ADDR   00A0H.1 A   
DATA6_LCD. . . . .  B ADDR   00A0H.2 A   
DATA7_LCD. . . . .  B ADDR   00A0H.3 A   
DELAY. . . . . . .  C ADDR   0130H   A   
DELAY_AVANCE . . .  N NUMB   0514H   A   
DELAY_PASOS. . . .  C ADDR   0129H   A   
DELAY_PASOS_R. . .  C ADDR   0122H   A   
DELAY_RETROCESO. .  N NUMB   00D9H   A   
DELAY_SLEEP. . . .  C ADDR   013FH   A   
DIR. . . . . . . .  B ADDR   0090H.2 A   
ENEBLE_LCD . . . .  B ADDR   00A0H.6 A   
ERROR. . . . . . .  C ADDR   011CH   A   
FALTA. . . . . . .  C ADDR   015CH   A   
FALTA2 . . . . . .  C ADDR   0165H   A   
FALTA3 . . . . . .  C ADDR   016CH   A   
FALTA4 . . . . . .  C ADDR   0175H   A   
FAUL . . . . . . .  B ADDR   0090H.4 A   
HABILITAR_DATOS. .  C ADDR   0100H   A   
HOME . . . . . . .  B ADDR   0090H.5 A   
LCD_OCUPADO. . . .  C ADDR   0105H   A   
P1 . . . . . . . .  D ADDR   0090H   A   
P2 . . . . . . . .  D ADDR   00A0H   A   
PASO . . . . . . .  C ADDR   0153H   A   
PRENDER. . . . . .  C ADDR   0119H   A   
RESET. . . . . . .  B ADDR   0090H.1 A   
RETRASO_INF. . . .  N NUMB   F5F5H   A   
RETRASO_INF_R. . .  N NUMB   FF30H   A   
RETRASO_SUP. . . .  N NUMB   00FAH   A   
RETRASO_SUP_R. . .  N NUMB   00FFH   A   
RETROCEDER . . . .  C ADDR   017AH   A   
RETROCEDER_1MM . .  C ADDR   0173H   A   
RETROCEDER_1_PASOM  C ADDR   016AH   A   
RS_LCD . . . . . .  B ADDR   00A0H.5 A   
RW_LCD . . . . . .  B ADDR   00A0H.4 A   
SLEEP. . . . . . .  B ADDR   0090H.3 A   
STEP . . . . . . .  B ADDR   0090H.0 A   
TF0. . . . . . . .  B ADDR   0088H.5 A   
TH0. . . . . . . .  D ADDR   008CH   A   
TL0. . . . . . . .  D ADDR   008AH   A   
TMOD . . . . . . .  D ADDR   0089H   A   
TR0. . . . . . . .  B ADDR   0088H.4 A   


REGISTER BANK(S) USED: 0 


ASSEMBLY COMPLETE.  1 WARNING(S), 0 ERROR(S)
